libfabric:1680522:1726870658::cxi:core:ofi_check_rx_attr():829<info> Tx only caps ignored in Rx caps
libfabric:1680522:1726870658::cxi:core:ofi_check_tx_attr():927<info> Rx only caps ignored in Tx caps
libfabric:1680522:1726870658::cxi:core:ofi_check_info():1099<info> address format not supported
libfabric:1680522:1726870658::cxi:core:ofi_check_info():1101<info> Supported: FI_ADDR_CXI
libfabric:1680522:1726870658::cxi:core:ofi_check_info():1101<info> Requested: FI_ADDR_CXI_COMPAT
nid003336:1680522:1680643 [3] NCCL INFO Channel 03/0 : 3[3] -> 2[2] via P2P/CUMEM/read
libfabric:1680522:1726870658::cxi:core:ofi_check_info():1099<info> address format not supported
libfabric:1680522:1726870658::cxi:core:ofi_check_info():1101<info> Supported: FI_ADDR_CXI
libfabric:1680522:1726870658::cxi:core:ofi_check_info():1101<info> Requested: FI_ADDR_CXI_COMPAT
nid003336:1680518:1680642 [1] NCCL INFO Channel 01/0 : 1[1] -> 0[0] via P2P/CUMEM/read
libfabric:1680522:1726870658::cxi:core:ofi_check_rx_attr():829<info> Tx only caps ignored in Rx caps
libfabric:1680522:1726870658::cxi:core:ofi_check_tx_attr():927<info> Rx only caps ignored in Tx caps
libfabric:1680522:1726870658::cxi:core:ofi_check_rx_attr():829<info> Tx only caps ignored in Rx caps
libfabric:1680522:1726870658::cxi:core:ofi_check_tx_attr():927<info> Rx only caps ignored in Tx caps
libfabric:1680522:1726870658::cxi:core:ofi_check_info():1099<info> address format not supported
libfabric:1680522:1726870658::cxi:core:ofi_check_info():1101<info> Supported: FI_ADDR_CXI
libfabric:1680522:1726870658::cxi:core:ofi_check_info():1101<info> Requested: FI_ADDR_CXI_COMPAT
libfabric:1680522:1726870658::cxi:core:ofi_check_info():1099<info> address format not supported
libfabric:1680522:1726870658::cxi:core:ofi_check_info():1101<info> Supported: FI_ADDR_CXI
libfabric:1680522:1726870658::cxi:core:ofi_check_info():1101<info> Requested: FI_ADDR_CXI_COMPAT
nid003336:1680522:1680643 [3] NCCL INFO Channel 05/0 : 3[3] -> 2[2] via P2P/CUMEM/read
libfabric:1680522:1726870658::cxi:core:ofi_check_rx_attr():829<info> Tx only caps ignored in Rx caps
libfabric:1680522:1726870658::cxi:core:ofi_check_tx_attr():927<info> Rx only caps ignored in Tx caps
libfabric:1680522:1726870658::cxi:core:ofi_check_rx_attr():829<info> Tx only caps ignored in Rx caps
libfabric:1680522:1726870658::cxi:core:ofi_check_tx_attr():927<info> Rx only caps ignored in Tx caps
libfabric:1680522:1726870658::cxi:core:ofi_check_info():1099<info> address format not supported
libfabric:1680522:1726870658::cxi:core:ofi_check_info():1101<info> Supported: FI_ADDR_CXI
nid003336:1680518:1680642 [1] NCCL INFO Channel 03/0 : 1[1] -> 0[0] via P2P/CUMEM/read
libfabric:1680522:1726870658::cxi:core:ofi_check_info():1101<info> Requested: FI_ADDR_CXI_COMPAT
libfabric:1680522:1726870658::cxi:core:ofi_check_info():1099<info> address format not supported
libfabric:1680522:1726870658::cxi:core:ofi_check_info():1101<info> Supported: FI_ADDR_CXI
libfabric:1680522:1726870658::cxi:core:ofi_check_info():1101<info> Requested: FI_ADDR_CXI_COMPAT
libfabric:1680522:1726870658::cxi:core:ofi_check_rx_attr():829<info> Tx only caps ignored in Rx caps
libfabric:1680522:1726870658::cxi:core:ofi_check_tx_attr():927<info> Rx only caps ignored in Tx caps
libfabric:1680522:1726870658::cxi:core:ofi_check_rx_attr():829<info> Tx only caps ignored in Rx caps
libfabric:1680522:1726870658::cxi:core:ofi_check_tx_attr():927<info> Rx only caps ignored in Tx caps
nid003336:1680522:1680643 [3] NCCL INFO Channel 07/0 : 3[3] -> 2[2] via P2P/CUMEM/read
libfabric:1680520:1726870658::cxi:ep_ctrl:cxip_coll_enable():3510<info> nid003336: FI_COLLECTIVE not requested
nid003336:1680520:1680641 [2] NCCL INFO Channel 01/0 : 2[2] -> 1[1] via P2P/CUMEM/read
libfabric:1562099:1726870658::cxi:ep_ctrl:cxip_coll_enable():3510<info> nid003373: FI_COLLECTIVE not requested
nid003336:1680518:1680642 [1] NCCL INFO Channel 05/0 : 1[1] -> 0[0] via P2P/CUMEM/read
libfabric:1562104:1726870658::cxi:ep_ctrl:cxip_coll_enable():3510<info> nid003373: FI_COLLECTIVE not requested
nid003336:1680520:1680641 [2] NCCL INFO Channel 05/0 : 2[2] -> 1[1] via P2P/CUMEM/read
libfabric:1680518:1726870658::cxi:ep_ctrl:cxip_coll_enable():3510<info> nid003336: FI_COLLECTIVE not requested
nid003336:1680518:1680642 [1] NCCL INFO Channel 07/0 : 1[1] -> 0[0] via P2P/CUMEM/read
libfabric:1680517:1726870658::cxi:ep_ctrl:cxip_coll_enable():3510<info> nid003336: FI_COLLECTIVE not requested
libfabric:1680522:1726870658::cxi:ep_ctrl:cxip_coll_enable():3510<info> nid003336: FI_COLLECTIVE not requested
nid003373:1562099:1562185 [0] NCCL INFO Connected all rings
nid003373:1562099:1562185 [0] NCCL INFO Channel 00/0 : 4[0] -> 5[1] via P2P/CUMEM/read
nid003373:1562100:1562186 [1] NCCL INFO Connected all rings
nid003336:1680517:1680640 [0] NCCL INFO Connected all rings
nid003336:1680517:1680640 [0] NCCL INFO Channel 03/0 : 0[0] -> 1[1] via P2P/CUMEM/read
nid003336:1680518:1680642 [1] NCCL INFO Connected all rings
nid003373:1562104:1562184 [3] NCCL INFO Connected all rings
nid003336:1680522:1680643 [3] NCCL INFO Connected all rings
nid003373:1562102:1562187 [2] NCCL INFO Connected all rings
nid003336:1680520:1680641 [2] NCCL INFO Connected all rings
nid003336:1680517:1680640 [0] NCCL INFO Channel 07/0 : 0[0] -> 1[1] via P2P/CUMEM/read
nid003373:1562099:1562185 [0] NCCL INFO Channel 03/0 : 4[0] -> 5[1] via P2P/CUMEM/read
nid003336:1680518:1680642 [1] NCCL INFO Channel 03/0 : 1[1] -> 2[2] via P2P/CUMEM/read
nid003336:1680520:1680641 [2] NCCL INFO Channel 03/0 : 2[2] -> 3[3] via P2P/CUMEM/read
nid003336:1680518:1680642 [1] NCCL INFO Channel 07/0 : 1[1] -> 2[2] via P2P/CUMEM/read
nid003336:1680520:1680641 [2] NCCL INFO Channel 07/0 : 2[2] -> 3[3] via P2P/CUMEM/read
nid003336:1680517:1680640 [0] NCCL INFO Channel 01/0 : 0[0] -> 2[2] via P2P/CUMEM/read
nid003336:1680518:1680642 [1] NCCL INFO Channel 01/0 : 1[1] -> 3[3] via P2P/CUMEM/read
nid003336:1680517:1680640 [0] NCCL INFO Channel 02/0 : 0[0] -> 2[2] via P2P/CUMEM/read
nid003336:1680518:1680642 [1] NCCL INFO Channel 02/0 : 1[1] -> 3[3] via P2P/CUMEM/read
nid003373:1562099:1562185 [0] NCCL INFO Channel 04/0 : 4[0] -> 5[1] via P2P/CUMEM/read
nid003336:1680517:1680640 [0] NCCL INFO Channel 05/0 : 0[0] -> 2[2] via P2P/CUMEM/read
nid003336:1680518:1680642 [1] NCCL INFO Channel 05/0 : 1[1] -> 3[3] via P2P/CUMEM/read
nid003336:1680517:1680640 [0] NCCL INFO Channel 06/0 : 0[0] -> 2[2] via P2P/CUMEM/read
nid003336:1680518:1680642 [1] NCCL INFO Channel 06/0 : 1[1] -> 3[3] via P2P/CUMEM/read
nid003336:1680517:1680640 [0] NCCL INFO Channel 01/0 : 0[0] -> 3[3] via P2P/CUMEM/read
nid003336:1680518:1680642 [1] NCCL INFO Channel 01/0 : 5[1] -> 1[1] [receive] via NET/AWS Libfabric/5/GDRDMA
nid003336:1680520:1680641 [2] NCCL INFO Channel 02/0 : 2[2] -> 6[2] [send] via NET/AWS Libfabric/3/GDRDMA
nid003373:1562099:1562185 [0] NCCL INFO Channel 07/0 : 4[0] -> 5[1] via P2P/CUMEM/read
nid003336:1680518:1680642 [1] NCCL INFO Channel 05/0 : 5[1] -> 1[1] [receive] via NET/AWS Libfabric/5/GDRDMA
nid003336:1680517:1680640 [0] NCCL INFO Channel 05/0 : 0[0] -> 3[3] via P2P/CUMEM/read
nid003336:1680520:1680641 [2] NCCL INFO Channel 06/0 : 2[2] -> 6[2] [send] via NET/AWS Libfabric/3/GDRDMA
nid003336:1680518:1680642 [1] NCCL INFO Channel 01/0 : 1[1] -> 5[1] [send] via NET/AWS Libfabric/5/GDRDMA
nid003336:1680518:1680642 [1] NCCL INFO Channel 05/0 : 1[1] -> 5[1] [send] via NET/AWS Libfabric/5/GDRDMA
nid003336:1680522:1680643 [3] NCCL INFO Channel 03/0 : 7[3] -> 3[3] [receive] via NET/AWS Libfabric/1/GDRDMA
nid003336:1680517:1680640 [0] NCCL INFO Channel 00/0 : 0[0] -> 4[0] [send] via NET/AWS Libfabric/7/GDRDMA
nid003336:1680522:1680643 [3] NCCL INFO Channel 07/0 : 7[3] -> 3[3] [receive] via NET/AWS Libfabric/1/GDRDMA
nid003336:1680517:1680640 [0] NCCL INFO Channel 04/0 : 0[0] -> 4[0] [send] via NET/AWS Libfabric/7/GDRDMA
nid003336:1680522:1680643 [3] NCCL INFO Channel 03/0 : 3[3] -> 7[3] [send] via NET/AWS Libfabric/1/GDRDMA
nid003336:1680522:1680643 [3] NCCL INFO Channel 07/0 : 3[3] -> 7[3] [send] via NET/AWS Libfabric/1/GDRDMA
nid003373:1562100:1562186 [1] NCCL INFO Channel 00/0 : 5[1] -> 6[2] via P2P/CUMEM/read
nid003373:1562102:1562187 [2] NCCL INFO Channel 00/0 : 6[2] -> 7[3] via P2P/CUMEM/read
nid003373:1562100:1562186 [1] NCCL INFO Channel 03/0 : 5[1] -> 6[2] via P2P/CUMEM/read
nid003373:1562102:1562187 [2] NCCL INFO Channel 03/0 : 6[2] -> 7[3] via P2P/CUMEM/read
nid003373:1562100:1562186 [1] NCCL INFO Channel 04/0 : 5[1] -> 6[2] via P2P/CUMEM/read
nid003373:1562102:1562187 [2] NCCL INFO Channel 04/0 : 6[2] -> 7[3] via P2P/CUMEM/read
nid003373:1562100:1562186 [1] NCCL INFO Channel 07/0 : 5[1] -> 6[2] via P2P/CUMEM/read
nid003373:1562102:1562187 [2] NCCL INFO Channel 07/0 : 6[2] -> 7[3] via P2P/CUMEM/read
nid003373:1562099:1562185 [0] NCCL INFO Channel 01/0 : 4[0] -> 6[2] via P2P/CUMEM/read
nid003373:1562100:1562186 [1] NCCL INFO Channel 01/0 : 5[1] -> 7[3] via P2P/CUMEM/read
nid003373:1562099:1562185 [0] NCCL INFO Channel 02/0 : 4[0] -> 6[2] via P2P/CUMEM/read
nid003373:1562100:1562186 [1] NCCL INFO Channel 02/0 : 5[1] -> 7[3] via P2P/CUMEM/read
nid003373:1562099:1562185 [0] NCCL INFO Channel 05/0 : 4[0] -> 6[2] via P2P/CUMEM/read
nid003373:1562100:1562186 [1] NCCL INFO Channel 05/0 : 5[1] -> 7[3] via P2P/CUMEM/read
nid003373:1562099:1562185 [0] NCCL INFO Channel 06/0 : 4[0] -> 6[2] via P2P/CUMEM/read
nid003373:1562100:1562186 [1] NCCL INFO Channel 06/0 : 5[1] -> 7[3] via P2P/CUMEM/read
nid003373:1562099:1562185 [0] NCCL INFO Channel 01/0 : 4[0] -> 7[3] via P2P/CUMEM/read
nid003373:1562100:1562186 [1] NCCL INFO Channel 01/0 : 1[1] -> 5[1] [receive] via NET/AWS Libfabric/5/GDRDMA
nid003373:1562102:1562187 [2] NCCL INFO Channel 02/0 : 2[2] -> 6[2] [receive] via NET/AWS Libfabric/3/GDRDMA
nid003373:1562100:1562186 [1] NCCL INFO Channel 05/0 : 1[1] -> 5[1] [receive] via NET/AWS Libfabric/5/GDRDMA
nid003373:1562102:1562187 [2] NCCL INFO Channel 06/0 : 2[2] -> 6[2] [receive] via NET/AWS Libfabric/3/GDRDMA
nid003336:1680520:1680641 [2] NCCL INFO Channel 01/0 : 2[2] -> 0[0] via P2P/CUMEM/read
nid003373:1562100:1562186 [1] NCCL INFO Channel 01/0 : 5[1] -> 1[1] [send] via NET/AWS Libfabric/5/GDRDMA
nid003373:1562102:1562187 [2] NCCL INFO Channel 01/0 : 6[2] -> 4[0] via P2P/CUMEM/read
nid003336:1680520:1680641 [2] NCCL INFO Channel 05/0 : 2[2] -> 0[0] via P2P/CUMEM/read
nid003373:1562100:1562186 [1] NCCL INFO Channel 05/0 : 5[1] -> 1[1] [send] via NET/AWS Libfabric/5/GDRDMA
nid003373:1562099:1562185 [0] NCCL INFO Channel 05/0 : 4[0] -> 7[3] via P2P/CUMEM/read
nid003373:1562102:1562187 [2] NCCL INFO Channel 02/0 : 6[2] -> 4[0] via P2P/CUMEM/read
nid003373:1562099:1562185 [0] NCCL INFO Channel 00/0 : 0[0] -> 4[0] [receive] via NET/AWS Libfabric/7/GDRDMA
nid003373:1562104:1562184 [3] NCCL INFO Channel 03/0 : 3[3] -> 7[3] [receive] via NET/AWS Libfabric/1/GDRDMA
nid003373:1562099:1562185 [0] NCCL INFO Channel 04/0 : 0[0] -> 4[0] [receive] via NET/AWS Libfabric/7/GDRDMA
nid003373:1562104:1562184 [3] NCCL INFO Channel 07/0 : 3[3] -> 7[3] [receive] via NET/AWS Libfabric/1/GDRDMA
nid003373:1562102:1562187 [2] NCCL INFO Channel 05/0 : 6[2] -> 4[0] via P2P/CUMEM/read
nid003336:1680522:1680643 [3] NCCL INFO Channel 01/0 : 3[3] -> 0[0] via P2P/CUMEM/read
nid003373:1562104:1562184 [3] NCCL INFO Channel 03/0 : 7[3] -> 3[3] [send] via NET/AWS Libfabric/1/GDRDMA
nid003373:1562104:1562184 [3] NCCL INFO Channel 07/0 : 7[3] -> 3[3] [send] via NET/AWS Libfabric/1/GDRDMA
nid003336:1680522:1680643 [3] NCCL INFO Channel 02/0 : 3[3] -> 0[0] via P2P/CUMEM/read
nid003373:1562104:1562184 [3] NCCL INFO Channel 01/0 : 7[3] -> 4[0] via P2P/CUMEM/read
nid003336:1680522:1680643 [3] NCCL INFO Channel 05/0 : 3[3] -> 0[0] via P2P/CUMEM/read
nid003373:1562102:1562187 [2] NCCL INFO Channel 06/0 : 6[2] -> 4[0] via P2P/CUMEM/read
nid003336:1680522:1680643 [3] NCCL INFO Channel 06/0 : 3[3] -> 0[0] via P2P/CUMEM/read
nid003373:1562104:1562184 [3] NCCL INFO Channel 02/0 : 7[3] -> 4[0] via P2P/CUMEM/read
nid003336:1680522:1680643 [3] NCCL INFO Channel 01/0 : 3[3] -> 1[1] via P2P/CUMEM/read
nid003336:1680522:1680643 [3] NCCL INFO Channel 05/0 : 3[3] -> 1[1] via P2P/CUMEM/read
nid003336:1680522:1680643 [3] NCCL INFO Channel 00/0 : 3[3] -> 2[2] via P2P/CUMEM/read
nid003336:1680522:1680643 [3] NCCL INFO Channel 04/0 : 3[3] -> 2[2] via P2P/CUMEM/read
nid003373:1562104:1562184 [3] NCCL INFO Channel 05/0 : 7[3] -> 4[0] via P2P/CUMEM/read
nid003336:1680520:1680641 [2] NCCL INFO Channel 00/0 : 2[2] -> 1[1] via P2P/CUMEM/read
nid003336:1680520:1680641 [2] NCCL INFO Channel 03/0 : 2[2] -> 1[1] via P2P/CUMEM/read
nid003336:1680520:1680641 [2] NCCL INFO Channel 04/0 : 2[2] -> 1[1] via P2P/CUMEM/read
nid003336:1680518:1680642 [1] NCCL INFO Channel 00/0 : 1[1] -> 0[0] via P2P/CUMEM/read
nid003373:1562104:1562184 [3] NCCL INFO Channel 06/0 : 7[3] -> 4[0] via P2P/CUMEM/read
nid003336:1680520:1680641 [2] NCCL INFO Channel 07/0 : 2[2] -> 1[1] via P2P/CUMEM/read
nid003336:1680518:1680642 [1] NCCL INFO Channel 04/0 : 1[1] -> 0[0] via P2P/CUMEM/read
nid003373:1562104:1562184 [3] NCCL INFO Channel 01/0 : 7[3] -> 5[1] via P2P/CUMEM/read
nid003373:1562104:1562184 [3] NCCL INFO Channel 02/0 : 7[3] -> 5[1] via P2P/CUMEM/read
nid003373:1562104:1562184 [3] NCCL INFO Channel 05/0 : 7[3] -> 5[1] via P2P/CUMEM/read
nid003373:1562104:1562184 [3] NCCL INFO Channel 06/0 : 7[3] -> 5[1] via P2P/CUMEM/read
nid003373:1562104:1562184 [3] NCCL INFO Channel 03/0 : 7[3] -> 6[2] via P2P/CUMEM/read
nid003373:1562104:1562184 [3] NCCL INFO Channel 07/0 : 7[3] -> 6[2] via P2P/CUMEM/read
nid003373:1562102:1562187 [2] NCCL INFO Channel 03/0 : 6[2] -> 5[1] via P2P/CUMEM/read
nid003373:1562100:1562186 [1] NCCL INFO Channel 03/0 : 5[1] -> 4[0] via P2P/CUMEM/read
nid003373:1562102:1562187 [2] NCCL INFO Channel 07/0 : 6[2] -> 5[1] via P2P/CUMEM/read
nid003373:1562100:1562186 [1] NCCL INFO Channel 07/0 : 5[1] -> 4[0] via P2P/CUMEM/read
nid003373:1562099:1562185 [0] NCCL INFO Connected all trees
nid003373:1562099:1562185 [0] NCCL INFO threadThresholds 8/8/64 | 64/8/64 | 512 | 512
nid003373:1562099:1562185 [0] NCCL INFO 8 coll channels, 8 collnet channels, 0 nvls channels, 8 p2p channels, 2 p2p channels per peer
nid003336:1680517:1680640 [0] NCCL INFO Connected all trees
nid003336:1680517:1680640 [0] NCCL INFO threadThresholds 8/8/64 | 64/8/64 | 512 | 512
nid003336:1680517:1680640 [0] NCCL INFO 8 coll channels, 8 collnet channels, 0 nvls channels, 8 p2p channels, 2 p2p channels per peer
nid003373:1562100:1562186 [1] NCCL INFO Connected all trees
nid003336:1680518:1680642 [1] NCCL INFO Connected all trees
nid003373:1562104:1562184 [3] NCCL INFO Connected all trees
nid003336:1680522:1680643 [3] NCCL INFO Connected all trees
nid003336:1680522:1680643 [3] NCCL INFO threadThresholds 8/8/64 | 64/8/64 | 512 | 512
nid003336:1680522:1680643 [3] NCCL INFO 8 coll channels, 8 collnet channels, 0 nvls channels, 8 p2p channels, 2 p2p channels per peer
nid003373:1562100:1562186 [1] NCCL INFO threadThresholds 8/8/64 | 64/8/64 | 512 | 512
nid003373:1562100:1562186 [1] NCCL INFO 8 coll channels, 8 collnet channels, 0 nvls channels, 8 p2p channels, 2 p2p channels per peer
nid003336:1680518:1680642 [1] NCCL INFO threadThresholds 8/8/64 | 64/8/64 | 512 | 512
nid003336:1680518:1680642 [1] NCCL INFO 8 coll channels, 8 collnet channels, 0 nvls channels, 8 p2p channels, 2 p2p channels per peer
nid003373:1562104:1562184 [3] NCCL INFO threadThresholds 8/8/64 | 64/8/64 | 512 | 512
nid003373:1562104:1562184 [3] NCCL INFO 8 coll channels, 8 collnet channels, 0 nvls channels, 8 p2p channels, 2 p2p channels per peer
nid003336:1680520:1680641 [2] NCCL INFO Connected all trees
nid003373:1562102:1562187 [2] NCCL INFO Connected all trees
nid003336:1680520:1680641 [2] NCCL INFO threadThresholds 8/8/64 | 64/8/64 | 512 | 512
nid003336:1680520:1680641 [2] NCCL INFO 8 coll channels, 8 collnet channels, 0 nvls channels, 8 p2p channels, 2 p2p channels per peer
nid003373:1562102:1562187 [2] NCCL INFO threadThresholds 8/8/64 | 64/8/64 | 512 | 512
nid003373:1562102:1562187 [2] NCCL INFO 8 coll channels, 8 collnet channels, 0 nvls channels, 8 p2p channels, 2 p2p channels per peer
nid003373:1562099:1562185 [0] NCCL INFO TUNER/Plugin: Failed to find ncclTunerPlugin_v2, using internal tuner instead.
nid003373:1562099:1562185 [0] NCCL INFO ncclCommInitRank comm 0x55ec73060560 rank 4 nranks 8 cudaDev 0 nvmlDev 0 busId 3000 commId 0x6f8364d009b8ab3e - Init COMPLETE
nid003373:1562100:1562186 [1] NCCL INFO TUNER/Plugin: Failed to find ncclTunerPlugin_v2, using internal tuner instead.
nid003373:1562100:1562186 [1] NCCL INFO ncclCommInitRank comm 0x55a1286528d0 rank 5 nranks 8 cudaDev 1 nvmlDev 1 busId 41000 commId 0x6f8364d009b8ab3e - Init COMPLETE
nid003373:1562102:1562187 [2] NCCL INFO TUNER/Plugin: Failed to find ncclTunerPlugin_v2, using internal tuner instead.
nid003373:1562102:1562187 [2] NCCL INFO ncclCommInitRank comm 0x55719e0ed8b0 rank 6 nranks 8 cudaDev 2 nvmlDev 2 busId 82000 commId 0x6f8364d009b8ab3e - Init COMPLETE
nid003373:1562104:1562184 [3] NCCL INFO TUNER/Plugin: Failed to find ncclTunerPlugin_v2, using internal tuner instead.
nid003373:1562104:1562184 [3] NCCL INFO ncclCommInitRank comm 0x55fdf803f7a0 rank 7 nranks 8 cudaDev 3 nvmlDev 3 busId c1000 commId 0x6f8364d009b8ab3e - Init COMPLETE
nid003336:1680517:1680640 [0] NCCL INFO TUNER/Plugin: Failed to find ncclTunerPlugin_v2, using internal tuner instead.
nid003336:1680517:1680640 [0] NCCL INFO ncclCommInitRank comm 0x55a0bd0a6b70 rank 0 nranks 8 cudaDev 0 nvmlDev 0 busId 3000 commId 0x6f8364d009b8ab3e - Init COMPLETE
nid003336:1680518:1680642 [1] NCCL INFO TUNER/Plugin: Failed to find ncclTunerPlugin_v2, using internal tuner instead.
nid003336:1680518:1680642 [1] NCCL INFO ncclCommInitRank comm 0x560f22214930 rank 1 nranks 8 cudaDev 1 nvmlDev 1 busId 41000 commId 0x6f8364d009b8ab3e - Init COMPLETE
nid003336:1680520:1680641 [2] NCCL INFO TUNER/Plugin: Failed to find ncclTunerPlugin_v2, using internal tuner instead.
nid003336:1680520:1680641 [2] NCCL INFO ncclCommInitRank comm 0x559d49916830 rank 2 nranks 8 cudaDev 2 nvmlDev 2 busId 82000 commId 0x6f8364d009b8ab3e - Init COMPLETE
nid003336:1680522:1680643 [3] NCCL INFO TUNER/Plugin: Failed to find ncclTunerPlugin_v2, using internal tuner instead.
nid003336:1680522:1680643 [3] NCCL INFO ncclCommInitRank comm 0x55eb22b1da90 rank 3 nranks 8 cudaDev 3 nvmlDev 3 busId c1000 commId 0x6f8364d009b8ab3e - Init COMPLETE
#
#                                                              out-of-place                       in-place          
#       size         count      type   redop    root     time   algbw   busbw #wrong     time   algbw   busbw #wrong
#        (B)    (elements)                               (us)  (GB/s)  (GB/s)            (us)  (GB/s)  (GB/s)       
           8             2     float     sum      -1    24.44    0.00    0.00      0    19.46    0.00    0.00      0
          16             4     float     sum      -1    19.05    0.00    0.00      0    19.08    0.00    0.00      0
          32             8     float     sum      -1    19.16    0.00    0.00      0    18.94    0.00    0.00      0
          64            16     float     sum      -1    20.03    0.00    0.01      0    20.18    0.00    0.01      0
         128            32     float     sum      -1    20.70    0.01    0.01      0    20.39    0.01    0.01      0
         256            64     float     sum      -1    20.62    0.01    0.02      0    20.47    0.01    0.02      0
         512           128     float     sum      -1    21.71    0.02    0.04      0    21.15    0.02    0.04      0
        1024           256     float     sum      -1    22.68    0.05    0.08      0    22.31    0.05    0.08      0
        2048           512     float     sum      -1    35.85    0.06    0.10      0    23.17    0.09    0.15      0
        4096          1024     float     sum      -1    42.62    0.10    0.17      0    28.84    0.14    0.25      0
        8192          2048     float     sum      -1    45.06    0.18    0.32      0    30.96    0.26    0.46      0
       16384          4096     float     sum      -1    44.06    0.37    0.65      0    30.86    0.53    0.93      0
       32768          8192     float     sum      -1    39.69    0.83    1.44      0    32.52    1.01    1.76      0
       65536         16384     float     sum      -1    57.31    1.14    2.00      0    37.22    1.76    3.08      0
      131072         32768     float     sum      -1    64.77    2.02    3.54      0    46.31    2.83    4.95      0
      262144         65536     float     sum      -1    93.86    2.79    4.89      0    88.75    2.95    5.17      0
      524288        131072     float     sum      -1    103.5    5.06    8.86      0    114.4    4.58    8.02      0
     1048576        262144     float     sum      -1    131.7    7.96   13.94      0    142.9    7.34   12.84      0
     2097152        524288     float     sum      -1    199.6   10.51   18.39      0    208.4   10.06   17.61      0
     4194304       1048576     float     sum      -1    259.3   16.18   28.31      0    257.2   16.31   28.53      0
     8388608       2097152     float     sum      -1    329.0   25.50   44.63      0    320.6   26.16   45.78      0
    16777216       4194304     float     sum      -1    528.0   31.77   55.60      0    525.2   31.94   55.90      0
    33554432       8388608     float     sum      -1    873.9   38.40   67.20      0    878.7   38.19   66.83      0
    67108864      16777216     float     sum      -1   1708.9   39.27   68.72      0   1844.1   36.39   63.69      0
   134217728      33554432     float     sum      -1   3368.2   39.85   69.74      0   3462.6   38.76   67.83      0
   268435456      67108864     float     sum      -1   6448.7   41.63   72.85      0   6667.4   40.26   70.46      0
   536870912     134217728     float     sum      -1    12948   41.46   72.56      0    13012   41.26   72.20      0
  1073741824     268435456     float     sum      -1    25741   41.71   73.00      0    25716   41.75   73.07      0
  2147483648     536870912     float     sum      -1    50899   42.19   73.83      0    50831   42.25   73.93      0
  4294967296    1073741824     float     sum      -1   101166   42.45   74.30      0   101028   42.51   74.40      0
libfabric:1562099:1726870670::cxi:ep_data:cxip_rxc_dump_counters():434<info> nid003373: RXC (0xbae2:0) PtlTE 24: Recv Message Size PRIORITY - FI_HMEM_SYSTEM Histogram
libfabric:1562099:1726870670::cxi:ep_data:cxip_rxc_dump_counters():435<info> nid003373: RXC (0xbae2:0) PtlTE 24: Size           Count
libfabric:1562099:1726870670::cxi:ep_data:cxip_rxc_dump_counters():440<info> nid003373: RXC (0xbae2:0) PtlTE 24: 64             1
libfabric:1562099:1726870670::cxi:ep_data:cxip_rxc_dump_counters():434<info> nid003373: RXC (0xbae2:0) PtlTE 24: Recv Message Size PRIORITY - FI_HMEM_CUDA Histogram
libfabric:1562099:1726870670::cxi:ep_data:cxip_rxc_dump_counters():435<info> nid003373: RXC (0xbae2:0) PtlTE 24: Size           Count
libfabric:1562099:1726870670::cxi:ep_data:cxip_rxc_dump_counters():440<info> nid003373: RXC (0xbae2:0) PtlTE 24: 16             49
libfabric:1562099:1726870670::cxi:ep_data:cxip_rxc_dump_counters():440<info> nid003373: RXC (0xbae2:0) PtlTE 24: 32             44
libfabric:1562099:1726870670::cxi:ep_data:cxip_rxc_dump_counters():440<info> nid003373: RXC (0xbae2:0) PtlTE 24: 64             44
libfabric:1562099:1726870670::cxi:ep_data:cxip_rxc_dump_counters():440<info> nid003373: RXC (0xbae2:0) PtlTE 24: 128            44
libfabric:1562099:1726870670::cxi:ep_data:cxip_rxc_dump_counters():440<info> nid003373: RXC (0xbae2:0) PtlTE 24: 256            44
libfabric:1562099:1726870670::cxi:ep_data:cxip_rxc_dump_counters():440<info> nid003373: RXC (0xbae2:0) PtlTE 24: 512            44
libfabric:1562099:1726870670::cxi:ep_data:cxip_rxc_dump_counters():440<info> nid003373: RXC (0xbae2:0) PtlTE 24: 1024           44
libfabric:1562099:1726870670::cxi:ep_data:cxip_rxc_dump_counters():440<info> nid003373: RXC (0xbae2:0) PtlTE 24: 2048           44
libfabric:1562099:1726870670::cxi:ep_data:cxip_rxc_dump_counters():440<info> nid003373: RXC (0xbae2:0) PtlTE 24: 4096           44
libfabric:1680520:1726870670::cxi:ep_data:cxip_rxc_dump_counters():434<info> nid003336: RXC (0xb933:0) PtlTE 24: Recv Message Size PRIORITY - FI_HMEM_CUDA Histogram
libfabric:1680520:1726870670::cxi:ep_data:cxip_rxc_dump_counters():435<info> nid003336: RXC (0xb933:0) PtlTE 24: Size           Count
libfabric:1680520:1726870670::cxi:ep_data:cxip_rxc_dump_counters():440<info> nid003336: RXC (0xb933:0) PtlTE 24: 8192           955
libfabric:1680520:1726870670::cxi:ep_data:cxip_rxc_dump_counters():440<info> nid003336: RXC (0xb933:0) PtlTE 24: 16384          970
libfabric:1680520:1726870670::cxi:ep_data:cxip_rxc_dump_counters():440<info> nid003336: RXC (0xb933:0) PtlTE 24: 32768          2363
libfabric:1680520:1726870670::cxi:ep_data:cxip_rxc_dump_counters():440<info> nid003336: RXC (0xb933:0) PtlTE 24: 65536          2656
libfabric:1680520:1726870670::cxi:ep_data:cxip_rxc_dump_counters():440<info> nid003336: RXC (0xb933:0) PtlTE 24: 131072         1207
libfabric:1562099:1726870670::cxi:ep_data:cxip_rxc_dump_counters():440<info> nid003373: RXC (0xbae2:0) PtlTE 24: 8192           1086
libfabric:1562099:1726870670::cxi:ep_data:cxip_rxc_dump_counters():440<info> nid003373: RXC (0xbae2:0) PtlTE 24: 16384          907
libfabric:1562099:1726870670::cxi:ep_data:cxip_rxc_dump_counters():440<info> nid003373: RXC (0xbae2:0) PtlTE 24: 32768          2062
libfabric:1562099:1726870670::cxi:ep_data:cxip_rxc_dump_counters():440<info> nid003373: RXC (0xbae2:0) PtlTE 24: 65536          2546
libfabric:1562099:1726870670::cxi:ep_data:cxip_rxc_dump_counters():440<info> nid003373: RXC (0xbae2:0) PtlTE 24: 131072         1743
libfabric:1562099:1726870670::cxi:ep_data:cxip_rxc_dump_counters():440<info> nid003373: RXC (0xbae2:0) PtlTE 24: 262144         1595
libfabric:1562099:1726870670::cxi:ep_data:cxip_rxc_dump_counters():440<info> nid003373: RXC (0xbae2:0) PtlTE 24: 524288         1423
libfabric:1680520:1726870670::cxi:ep_data:cxip_rxc_dump_counters():440<info> nid003336: RXC (0xb933:0) PtlTE 24: 262144         1628
libfabric:1680520:1726870670::cxi:ep_data:cxip_rxc_dump_counters():440<info> nid003336: RXC (0xb933:0) PtlTE 24: 524288         1632
libfabric:1680520:1726870670::cxi:ep_data:cxip_rxc_dump_counters():440<info> nid003336: RXC (0xb933:0) PtlTE 24: 1048576        96901
libfabric:1680520:1726870670::cxi:ep_data:cxip_rxc_dump_counters():434<info> nid003336: RXC (0xb933:0) PtlTE 24: Recv Message Size OVERFLOW - FI_HMEM_SYSTEM Histogram
libfabric:1680520:1726870670::cxi:ep_data:cxip_rxc_dump_counters():435<info> nid003336: RXC (0xb933:0) PtlTE 24: Size           Count
libfabric:1680520:1726870670::cxi:ep_data:cxip_rxc_dump_counters():440<info> nid003336: RXC (0xb933:0) PtlTE 24: 64             2
libfabric:1680520:1726870670::cxi:ep_data:cxip_rxc_dump_counters():434<info> nid003336: RXC (0xb933:0) PtlTE 24: Recv Message Size OVERFLOW - FI_HMEM_CUDA Histogram
libfabric:1562099:1726870670::cxi:ep_data:cxip_rxc_dump_counters():440<info> nid003373: RXC (0xbae2:0) PtlTE 24: 1048576        121100
libfabric:1562099:1726870670::cxi:ep_data:cxip_rxc_dump_counters():434<info> nid003373: RXC (0xbae2:0) PtlTE 24: Recv Message Size OVERFLOW - FI_HMEM_SYSTEM Histogram
libfabric:1562099:1726870670::cxi:ep_data:cxip_rxc_dump_counters():435<info> nid003373: RXC (0xbae2:0) PtlTE 24: Size           Count
libfabric:1562099:1726870670::cxi:ep_data:cxip_rxc_dump_counters():440<info> nid003373: RXC (0xbae2:0) PtlTE 24: 64             3
libfabric:1562099:1726870670::cxi:ep_data:cxip_rxc_dump_counters():434<info> nid003373: RXC (0xbae2:0) PtlTE 24: Recv Message Size OVERFLOW - FI_HMEM_CUDA Histogram
libfabric:1562099:1726870670::cxi:ep_data:cxip_rxc_dump_counters():435<info> nid003373: RXC (0xbae2:0) PtlTE 24: Size           Count
libfabric:1562099:1726870670::cxi:ep_data:cxip_rxc_dump_counters():440<info> nid003373: RXC (0xbae2:0) PtlTE 24: 8192           366
libfabric:1680520:1726870670::cxi:ep_data:cxip_rxc_dump_counters():435<info> nid003336: RXC (0xb933:0) PtlTE 24: Size           Count
libfabric:1680520:1726870670::cxi:ep_data:cxip_rxc_dump_counters():440<info> nid003336: RXC (0xb933:0) PtlTE 24: 8192           409
libfabric:1680520:1726870670::cxi:ep_data:cxip_rxc_dump_counters():440<info> nid003336: RXC (0xb933:0) PtlTE 24: 16384          350
libfabric:1680520:1726870670::cxi:ep_data:cxip_rxc_dump_counters():440<info> nid003336: RXC (0xb933:0) PtlTE 24: 32768          1421
libfabric:1680520:1726870670::cxi:ep_data:cxip_rxc_dump_counters():440<info> nid003336: RXC (0xb933:0) PtlTE 24: 65536          1040
libfabric:1680520:1726870670::cxi:ep_data:cxip_rxc_dump_counters():440<info> nid003336: RXC (0xb933:0) PtlTE 24: 131072         1257
libfabric:1680520:1726870670::cxi:ep_data:cxip_rxc_dump_counters():440<info> nid003336: RXC (0xb933:0) PtlTE 24: 262144         836
libfabric:1562099:1726870670::cxi:ep_data:cxip_rxc_dump_counters():440<info> nid003373: RXC (0xbae2:0) PtlTE 24: 16384          413
libfabric:1562099:1726870670::cxi:ep_data:cxip_rxc_dump_counters():440<info> nid003373: RXC (0xbae2:0) PtlTE 24: 32768          1722
libfabric:1562099:1726870670::cxi:ep_data:cxip_rxc_dump_counters():440<info> nid003373: RXC (0xbae2:0) PtlTE 24: 65536          1150
libfabric:1562099:1726870670::cxi:ep_data:cxip_rxc_dump_counters():440<info> nid003373: RXC (0xbae2:0) PtlTE 24: 131072         721
libfabric:1562099:1726870670::cxi:ep_data:cxip_rxc_dump_counters():440<info> nid003373: RXC (0xbae2:0) PtlTE 24: 262144         869
libfabric:1562099:1726870670::cxi:ep_data:cxip_rxc_dump_counters():440<info> nid003373: RXC (0xbae2:0) PtlTE 24: 524288         1041
libfabric:1562099:1726870670::cxi:ep_data:cxip_rxc_dump_counters():440<info> nid003373: RXC (0xbae2:0) PtlTE 24: 1048576        43092
libfabric:1680520:1726870670::cxi:ep_data:cxip_rxc_dump_counters():440<info> nid003336: RXC (0xb933:0) PtlTE 24: 524288         832
libfabric:1680520:1726870670::cxi:ep_data:cxip_rxc_dump_counters():440<info> nid003336: RXC (0xb933:0) PtlTE 24: 1048576        67291
libfabric:1680520:1726870670::cxi:ep_data:cxip_ptelist_bufpool_fini():370<info> nid003336: RXC (0xb933:0) PtlTE 24: Number of REQUEST buffers allocated 4
libfabric:1562099:1726870670::cxi:ep_data:cxip_ptelist_bufpool_fini():370<info> nid003373: RXC (0xbae2:0) PtlTE 24: Number of REQUEST buffers allocated 4
libfabric:1680520:1726870670::cxi:ep_data:cxip_ptelist_bufpool_fini():370<info> nid003336: RXC (0xb933:0) PtlTE 24: Number of OVERFLOW buffers allocated 4
libfabric:1562099:1726870670::cxi:ep_data:cxip_ptelist_bufpool_fini():370<info> nid003373: RXC (0xbae2:0) PtlTE 24: Number of OVERFLOW buffers allocated 4
libfabric:1680517:1726870670::cxi:ep_data:cxip_rxc_dump_counters():434<info> nid003336: RXC (0xb972:0) PtlTE 24: Recv Message Size PRIORITY - FI_HMEM_SYSTEM Histogram
libfabric:1680517:1726870670::cxi:ep_data:cxip_rxc_dump_counters():435<info> nid003336: RXC (0xb972:0) PtlTE 24: Size           Count
libfabric:1680517:1726870670::cxi:ep_data:cxip_rxc_dump_counters():440<info> nid003336: RXC (0xb972:0) PtlTE 24: 64             1
libfabric:1680517:1726870670::cxi:ep_data:cxip_rxc_dump_counters():434<info> nid003336: RXC (0xb972:0) PtlTE 24: Recv Message Size PRIORITY - FI_HMEM_CUDA Histogram
libfabric:1680517:1726870670::cxi:ep_data:cxip_rxc_dump_counters():435<info> nid003336: RXC (0xb972:0) PtlTE 24: Size           Count
libfabric:1680517:1726870670::cxi:ep_data:cxip_rxc_dump_counters():440<info> nid003336: RXC (0xb972:0) PtlTE 24: 16             45
libfabric:1680517:1726870670::cxi:ep_data:cxip_rxc_dump_counters():440<info> nid003336: RXC (0xb972:0) PtlTE 24: 32             42
libfabric:1562099:1726870670::cxi:domain:cxip_domain_disable():215<info> nid003373: DOM (cxi3:4:5:28579:0xbae2): Domain disabled
libfabric:1562099:1726870670::cxi:mr:ofi_mr_cache_cleanup():488<info> MR cache stats: searches 541190, deletes 541008, hits 540914 notify 2
libfabric:1680517:1726870670::cxi:ep_data:cxip_rxc_dump_counters():440<info> nid003336: RXC (0xb972:0) PtlTE 24: 64             41
libfabric:1680517:1726870670::cxi:ep_data:cxip_rxc_dump_counters():440<info> nid003336: RXC (0xb972:0) PtlTE 24: 128            42
libfabric:1680517:1726870670::cxi:ep_data:cxip_rxc_dump_counters():440<info> nid003336: RXC (0xb972:0) PtlTE 24: 256            42
libfabric:1680517:1726870670::cxi:ep_data:cxip_rxc_dump_counters():440<info> nid003336: RXC (0xb972:0) PtlTE 24: 512            41
libfabric:1680517:1726870670::cxi:ep_data:cxip_rxc_dump_counters():440<info> nid003336: RXC (0xb972:0) PtlTE 24: 1024           41
libfabric:1680517:1726870670::cxi:ep_data:cxip_rxc_dump_counters():440<info> nid003336: RXC (0xb972:0) PtlTE 24: 2048           42
libfabric:1680517:1726870670::cxi:ep_data:cxip_rxc_dump_counters():440<info> nid003336: RXC (0xb972:0) PtlTE 24: 4096           42
libfabric:1562102:1726870670::cxi:ep_data:cxip_rxc_dump_counters():434<info> nid003373: RXC (0xbaa3:0) PtlTE 24: Recv Message Size PRIORITY - FI_HMEM_SYSTEM Histogram
libfabric:1562102:1726870670::cxi:ep_data:cxip_rxc_dump_counters():435<info> nid003373: RXC (0xbaa3:0) PtlTE 24: Size           Count
libfabric:1562102:1726870670::cxi:ep_data:cxip_rxc_dump_counters():440<info> nid003373: RXC (0xbaa3:0) PtlTE 24: 64             2
libfabric:1562102:1726870670::cxi:ep_data:cxip_rxc_dump_counters():434<info> nid003373: RXC (0xbaa3:0) PtlTE 24: Recv Message Size PRIORITY - FI_HMEM_CUDA Histogram
libfabric:1562102:1726870670::cxi:ep_data:cxip_rxc_dump_counters():435<info> nid003373: RXC (0xbaa3:0) PtlTE 24: Size           Count
libfabric:1562102:1726870670::cxi:ep_data:cxip_rxc_dump_counters():440<info> nid003373: RXC (0xbaa3:0) PtlTE 24: 8192           998
libfabric:1562102:1726870670::cxi:ep_data:cxip_rxc_dump_counters():440<info> nid003373: RXC (0xbaa3:0) PtlTE 24: 16384          1013
libfabric:1680517:1726870670::cxi:ep_data:cxip_rxc_dump_counters():440<info> nid003336: RXC (0xb972:0) PtlTE 24: 8192           984
libfabric:1680517:1726870670::cxi:ep_data:cxip_rxc_dump_counters():440<info> nid003336: RXC (0xb972:0) PtlTE 24: 16384          925
libfabric:1680517:1726870670::cxi:ep_data:cxip_rxc_dump_counters():440<info> nid003336: RXC (0xb972:0) PtlTE 24: 32768          1897
libfabric:1680517:1726870670::cxi:ep_data:cxip_rxc_dump_counters():440<info> nid003336: RXC (0xb972:0) PtlTE 24: 65536          2033
libfabric:1680517:1726870670::cxi:ep_data:cxip_rxc_dump_counters():440<info> nid003336: RXC (0xb972:0) PtlTE 24: 131072         1938
libfabric:1680517:1726870670::cxi:ep_data:cxip_rxc_dump_counters():440<info> nid003336: RXC (0xb972:0) PtlTE 24: 262144         1522
libfabric:1680517:1726870670::cxi:ep_data:cxip_rxc_dump_counters():440<info> nid003336: RXC (0xb972:0) PtlTE 24: 524288         1443
libfabric:1562102:1726870670::cxi:ep_data:cxip_rxc_dump_counters():440<info> nid003373: RXC (0xbaa3:0) PtlTE 24: 32768          2101
libfabric:1562102:1726870670::cxi:ep_data:cxip_rxc_dump_counters():440<info> nid003373: RXC (0xbaa3:0) PtlTE 24: 65536          2829
libfabric:1562102:1726870670::cxi:ep_data:cxip_rxc_dump_counters():440<info> nid003373: RXC (0xbaa3:0) PtlTE 24: 131072         1646
libfabric:1562102:1726870670::cxi:ep_data:cxip_rxc_dump_counters():440<info> nid003373: RXC (0xbaa3:0) PtlTE 24: 262144         1563
libfabric:1562102:1726870670::cxi:ep_data:cxip_rxc_dump_counters():440<info> nid003373: RXC (0xbaa3:0) PtlTE 24: 524288         1625
libfabric:1562102:1726870670::cxi:ep_data:cxip_rxc_dump_counters():440<info> nid003373: RXC (0xbaa3:0) PtlTE 24: 1048576        95888
libfabric:1562102:1726870670::cxi:ep_data:cxip_rxc_dump_counters():434<info> nid003373: RXC (0xbaa3:0) PtlTE 24: Recv Message Size OVERFLOW - FI_HMEM_SYSTEM Histogram
libfabric:1680517:1726870670::cxi:ep_data:cxip_rxc_dump_counters():440<info> nid003336: RXC (0xb972:0) PtlTE 24: 1048576        106841
libfabric:1680517:1726870670::cxi:ep_data:cxip_rxc_dump_counters():434<info> nid003336: RXC (0xb972:0) PtlTE 24: Recv Message Size OVERFLOW - FI_HMEM_SYSTEM Histogram
libfabric:1680517:1726870670::cxi:ep_data:cxip_rxc_dump_counters():435<info> nid003336: RXC (0xb972:0) PtlTE 24: Size           Count
libfabric:1680517:1726870670::cxi:ep_data:cxip_rxc_dump_counters():440<info> nid003336: RXC (0xb972:0) PtlTE 24: 64             1
libfabric:1680517:1726870670::cxi:ep_data:cxip_rxc_dump_counters():434<info> nid003336: RXC (0xb972:0) PtlTE 24: Recv Message Size OVERFLOW - FI_HMEM_CUDA Histogram
libfabric:1680517:1726870670::cxi:ep_data:cxip_rxc_dump_counters():435<info> nid003336: RXC (0xb972:0) PtlTE 24: Size           Count
libfabric:1680517:1726870670::cxi:ep_data:cxip_rxc_dump_counters():440<info> nid003336: RXC (0xb972:0) PtlTE 24: 16             4
libfabric:1562102:1726870670::cxi:ep_data:cxip_rxc_dump_counters():435<info> nid003373: RXC (0xbaa3:0) PtlTE 24: Size           Count
libfabric:1562102:1726870670::cxi:ep_data:cxip_rxc_dump_counters():440<info> nid003373: RXC (0xbaa3:0) PtlTE 24: 64             2
libfabric:1562102:1726870670::cxi:ep_data:cxip_rxc_dump_counters():434<info> nid003373: RXC (0xbaa3:0) PtlTE 24: Recv Message Size OVERFLOW - FI_HMEM_CUDA Histogram
libfabric:1562102:1726870670::cxi:ep_data:cxip_rxc_dump_counters():435<info> nid003373: RXC (0xbaa3:0) PtlTE 24: Size           Count
libfabric:1562102:1726870670::cxi:ep_data:cxip_rxc_dump_counters():440<info> nid003373: RXC (0xbaa3:0) PtlTE 24: 8192           366
libfabric:1562102:1726870670::cxi:ep_data:cxip_rxc_dump_counters():440<info> nid003373: RXC (0xbaa3:0) PtlTE 24: 16384          307
libfabric:1562102:1726870670::cxi:ep_data:cxip_rxc_dump_counters():440<info> nid003373: RXC (0xbaa3:0) PtlTE 24: 32768          1683
libfabric:1680517:1726870670::cxi:ep_data:cxip_rxc_dump_counters():440<info> nid003336: RXC (0xb972:0) PtlTE 24: 32             2
libfabric:1680517:1726870670::cxi:ep_data:cxip_rxc_dump_counters():440<info> nid003336: RXC (0xb972:0) PtlTE 24: 64             3
libfabric:1680517:1726870670::cxi:ep_data:cxip_rxc_dump_counters():440<info> nid003336: RXC (0xb972:0) PtlTE 24: 128            2
libfabric:1680517:1726870670::cxi:ep_data:cxip_rxc_dump_counters():440<info> nid003336: RXC (0xb972:0) PtlTE 24: 256            2
libfabric:1680517:1726870670::cxi:ep_data:cxip_rxc_dump_counters():440<info> nid003336: RXC (0xb972:0) PtlTE 24: 512            3
libfabric:1680517:1726870670::cxi:ep_data:cxip_rxc_dump_counters():440<info> nid003336: RXC (0xb972:0) PtlTE 24: 1024           3
libfabric:1680517:1726870670::cxi:ep_data:cxip_rxc_dump_counters():440<info> nid003336: RXC (0xb972:0) PtlTE 24: 2048           2
libfabric:1562102:1726870670::cxi:ep_data:cxip_rxc_dump_counters():440<info> nid003373: RXC (0xbaa3:0) PtlTE 24: 65536          867
libfabric:1562102:1726870670::cxi:ep_data:cxip_rxc_dump_counters():440<info> nid003373: RXC (0xbaa3:0) PtlTE 24: 131072         818
libfabric:1562102:1726870670::cxi:ep_data:cxip_rxc_dump_counters():440<info> nid003373: RXC (0xbaa3:0) PtlTE 24: 262144         901
libfabric:1562102:1726870670::cxi:ep_data:cxip_rxc_dump_counters():440<info> nid003373: RXC (0xbaa3:0) PtlTE 24: 524288         839
libfabric:1562102:1726870670::cxi:ep_data:cxip_rxc_dump_counters():440<info> nid003373: RXC (0xbaa3:0) PtlTE 24: 1048576        68304
libfabric:1562102:1726870670::cxi:ep_data:cxip_ptelist_bufpool_fini():370<info> nid003373: RXC (0xbaa3:0) PtlTE 24: Number of REQUEST buffers allocated 4
libfabric:1680517:1726870670::cxi:ep_data:cxip_rxc_dump_counters():440<info> nid003336: RXC (0xb972:0) PtlTE 24: 4096           2
libfabric:1680517:1726870670::cxi:ep_data:cxip_rxc_dump_counters():440<info> nid003336: RXC (0xb972:0) PtlTE 24: 8192           468
libfabric:1680517:1726870670::cxi:ep_data:cxip_rxc_dump_counters():440<info> nid003336: RXC (0xb972:0) PtlTE 24: 16384          395
libfabric:1680517:1726870670::cxi:ep_data:cxip_rxc_dump_counters():440<info> nid003336: RXC (0xb972:0) PtlTE 24: 32768          1887
libfabric:1680517:1726870670::cxi:ep_data:cxip_rxc_dump_counters():440<info> nid003336: RXC (0xb972:0) PtlTE 24: 65536          1663
libfabric:1680517:1726870670::cxi:ep_data:cxip_rxc_dump_counters():440<info> nid003336: RXC (0xb972:0) PtlTE 24: 131072         526
libfabric:1680517:1726870670::cxi:ep_data:cxip_rxc_dump_counters():440<info> nid003336: RXC (0xb972:0) PtlTE 24: 262144         942
libfabric:1562102:1726870670::cxi:ep_data:cxip_ptelist_bufpool_fini():370<info> nid003373: RXC (0xbaa3:0) PtlTE 24: Number of OVERFLOW buffers allocated 4
libfabric:1680517:1726870670::cxi:ep_data:cxip_rxc_dump_counters():440<info> nid003336: RXC (0xb972:0) PtlTE 24: 524288         1021
libfabric:1680517:1726870670::cxi:ep_data:cxip_rxc_dump_counters():440<info> nid003336: RXC (0xb972:0) PtlTE 24: 1048576        57351
libfabric:1562102:1726870670::cxi:domain:cxip_domain_disable():215<info> nid003373: DOM (cxi1:4:5:28579:0xbaa3): Domain disabled
libfabric:1562102:1726870670::cxi:mr:ofi_mr_cache_cleanup():488<info> MR cache stats: searches 540180, deletes 540030, hits 539952 notify 2
libfabric:1680520:1726870670::cxi:domain:cxip_domain_disable():215<info> nid003336: DOM (cxi1:4:5:28579:0xb933): Domain disabled
libfabric:1680520:1726870670::cxi:mr:ofi_mr_cache_cleanup():488<info> MR cache stats: searches 540250, deletes 540028, hits 539902 notify 3
libfabric:1562104:1726870670::cxi:ep_data:cxip_rxc_dump_counters():434<info> nid003373: RXC (0xbae3:0) PtlTE 24: Recv Message Size PRIORITY - FI_HMEM_CUDA Histogram
libfabric:1562104:1726870670::cxi:ep_data:cxip_rxc_dump_counters():435<info> nid003373: RXC (0xbae3:0) PtlTE 24: Size           Count
libfabric:1562104:1726870670::cxi:ep_data:cxip_rxc_dump_counters():440<info> nid003373: RXC (0xbae3:0) PtlTE 24: 8192           1083
libfabric:1562104:1726870670::cxi:ep_data:cxip_rxc_dump_counters():440<info> nid003373: RXC (0xbae3:0) PtlTE 24: 16384          1142
libfabric:1562104:1726870670::cxi:ep_data:cxip_rxc_dump_counters():440<info> nid003373: RXC (0xbae3:0) PtlTE 24: 32768          2696
libfabric:1562104:1726870670::cxi:ep_data:cxip_rxc_dump_counters():440<info> nid003373: RXC (0xbae3:0) PtlTE 24: 65536          3026
libfabric:1562104:1726870670::cxi:ep_data:cxip_rxc_dump_counters():440<info> nid003373: RXC (0xbae3:0) PtlTE 24: 131072         1579
libfabric:1680517:1726870670::cxi:ep_data:cxip_ptelist_bufpool_fini():370<info> nid003336: RXC (0xb972:0) PtlTE 24: Number of REQUEST buffers allocated 4
libfabric:1562104:1726870670::cxi:ep_data:cxip_rxc_dump_counters():440<info> nid003373: RXC (0xbae3:0) PtlTE 24: 262144         1525
libfabric:1562104:1726870670::cxi:ep_data:cxip_rxc_dump_counters():440<info> nid003373: RXC (0xbae3:0) PtlTE 24: 524288         1565
libfabric:1562104:1726870670::cxi:ep_data:cxip_rxc_dump_counters():440<info> nid003373: RXC (0xbae3:0) PtlTE 24: 1048576        87014
libfabric:1562104:1726870670::cxi:ep_data:cxip_rxc_dump_counters():434<info> nid003373: RXC (0xbae3:0) PtlTE 24: Recv Message Size OVERFLOW - FI_HMEM_SYSTEM Histogram
libfabric:1562104:1726870670::cxi:ep_data:cxip_rxc_dump_counters():435<info> nid003373: RXC (0xbae3:0) PtlTE 24: Size           Count
libfabric:1562104:1726870670::cxi:ep_data:cxip_rxc_dump_counters():440<info> nid003373: RXC (0xbae3:0) PtlTE 24: 64             4
libfabric:1562104:1726870670::cxi:ep_data:cxip_rxc_dump_counters():434<info> nid003373: RXC (0xbae3:0) PtlTE 24: Recv Message Size OVERFLOW - FI_HMEM_CUDA Histogram
libfabric:1680517:1726870670::cxi:ep_data:cxip_ptelist_bufpool_fini():370<info> nid003336: RXC (0xb972:0) PtlTE 24: Number of OVERFLOW buffers allocated 4
libfabric:1562104:1726870670::cxi:ep_data:cxip_rxc_dump_counters():435<info> nid003373: RXC (0xbae3:0) PtlTE 24: Size           Count
libfabric:1562104:1726870670::cxi:ep_data:cxip_rxc_dump_counters():440<info> nid003373: RXC (0xbae3:0) PtlTE 24: 8192           281
libfabric:1562104:1726870670::cxi:ep_data:cxip_rxc_dump_counters():440<info> nid003373: RXC (0xbae3:0) PtlTE 24: 16384          178
libfabric:1562104:1726870670::cxi:ep_data:cxip_rxc_dump_counters():440<info> nid003373: RXC (0xbae3:0) PtlTE 24: 32768          1088
libfabric:1562104:1726870670::cxi:ep_data:cxip_rxc_dump_counters():440<info> nid003373: RXC (0xbae3:0) PtlTE 24: 65536          670
libfabric:1562104:1726870670::cxi:ep_data:cxip_rxc_dump_counters():440<info> nid003373: RXC (0xbae3:0) PtlTE 24: 131072         885
libfabric:1562104:1726870670::cxi:ep_data:cxip_rxc_dump_counters():440<info> nid003373: RXC (0xbae3:0) PtlTE 24: 262144         939
libfabric:1680522:1726870670::cxi:ep_data:cxip_rxc_dump_counters():434<info> nid003336: RXC (0xb973:0) PtlTE 24: Recv Message Size PRIORITY - FI_HMEM_SYSTEM Histogram
libfabric:1680522:1726870670::cxi:ep_data:cxip_rxc_dump_counters():435<info> nid003336: RXC (0xb973:0) PtlTE 24: Size           Count
libfabric:1680522:1726870670::cxi:ep_data:cxip_rxc_dump_counters():440<info> nid003336: RXC (0xb973:0) PtlTE 24: 64             4
libfabric:1680522:1726870670::cxi:ep_data:cxip_rxc_dump_counters():434<info> nid003336: RXC (0xb973:0) PtlTE 24: Recv Message Size PRIORITY - FI_HMEM_CUDA Histogram
libfabric:1680522:1726870670::cxi:ep_data:cxip_rxc_dump_counters():435<info> nid003336: RXC (0xb973:0) PtlTE 24: Size           Count
libfabric:1680522:1726870670::cxi:ep_data:cxip_rxc_dump_counters():440<info> nid003336: RXC (0xb973:0) PtlTE 24: 8192           1133
libfabric:1680522:1726870670::cxi:ep_data:cxip_rxc_dump_counters():440<info> nid003336: RXC (0xb973:0) PtlTE 24: 16384          1118
nid003336:1680517:1680517 [0] NCCL INFO comm 0x55a0bd0a6b70 rank 0 nranks 8 cudaDev 0 busId 3000 - Destroy COMPLETE
libfabric:1562104:1726870670::cxi:ep_data:cxip_rxc_dump_counters():440<info> nid003373: RXC (0xbae3:0) PtlTE 24: 524288         899
libfabric:1562104:1726870670::cxi:ep_data:cxip_rxc_dump_counters():440<info> nid003373: RXC (0xbae3:0) PtlTE 24: 1048576        77178
libfabric:1562104:1726870670::cxi:ep_data:cxip_ptelist_bufpool_fini():370<info> nid003373: RXC (0xbae3:0) PtlTE 24: Number of REQUEST buffers allocated 4
nid003336:1680522:1680522 [3] NCCL INFO comm 0x55eb22b1da90 rank 3 nranks 8 cudaDev 3 busId c1000 - Destroy COMPLETE
libfabric:1680522:1726870670::cxi:ep_data:cxip_rxc_dump_counters():440<info> nid003336: RXC (0xb973:0) PtlTE 24: 32768          2584
libfabric:1680522:1726870670::cxi:ep_data:cxip_rxc_dump_counters():440<info> nid003336: RXC (0xb973:0) PtlTE 24: 65536          2806
libfabric:1680522:1726870670::cxi:ep_data:cxip_rxc_dump_counters():440<info> nid003336: RXC (0xb973:0) PtlTE 24: 131072         1326
libfabric:1680522:1726870670::cxi:ep_data:cxip_rxc_dump_counters():440<info> nid003336: RXC (0xb973:0) PtlTE 24: 262144         1430
libfabric:1680522:1726870670::cxi:ep_data:cxip_rxc_dump_counters():440<info> nid003336: RXC (0xb973:0) PtlTE 24: 524288         1615
libfabric:1680522:1726870670::cxi:ep_data:cxip_rxc_dump_counters():440<info> nid003336: RXC (0xb973:0) PtlTE 24: 1048576        81104
libfabric:1680522:1726870670::cxi:ep_data:cxip_rxc_dump_counters():434<info> nid003336: RXC (0xb973:0) PtlTE 24: Recv Message Size OVERFLOW - FI_HMEM_CUDA Histogram
libfabric:1562104:1726870670::cxi:ep_data:cxip_ptelist_bufpool_fini():370<info> nid003373: RXC (0xbae3:0) PtlTE 24: Number of OVERFLOW buffers allocated 4
# Out of bounds values : 0 OK
# Avg bus bandwidth    : 25.0537 
#
libfabric:1680522:1726870670::cxi:ep_data:cxip_rxc_dump_counters():435<info> nid003336: RXC (0xb973:0) PtlTE 24: Size           Count
libfabric:1680522:1726870670::cxi:ep_data:cxip_rxc_dump_counters():440<info> nid003336: RXC (0xb973:0) PtlTE 24: 8192           231
libfabric:1680522:1726870670::cxi:ep_data:cxip_rxc_dump_counters():440<info> nid003336: RXC (0xb973:0) PtlTE 24: 16384          202
libfabric:1680522:1726870670::cxi:ep_data:cxip_rxc_dump_counters():440<info> nid003336: RXC (0xb973:0) PtlTE 24: 32768          1200
libfabric:1680522:1726870670::cxi:ep_data:cxip_rxc_dump_counters():440<info> nid003336: RXC (0xb973:0) PtlTE 24: 65536          890
libfabric:1680522:1726870670::cxi:ep_data:cxip_rxc_dump_counters():440<info> nid003336: RXC (0xb973:0) PtlTE 24: 131072         1138
libfabric:1680522:1726870670::cxi:ep_data:cxip_rxc_dump_counters():440<info> nid003336: RXC (0xb973:0) PtlTE 24: 262144         1034
libfabric:1562104:1726870670::cxi:domain:cxip_domain_disable():215<info> nid003373: DOM (cxi0:4:5:28579:0xbae3): Domain disabled
libfabric:1562104:1726870670::cxi:mr:ofi_mr_cache_cleanup():488<info> MR cache stats: searches 540262, deletes 540036, hits 539907 notify 3
libfabric:1680522:1726870670::cxi:ep_data:cxip_rxc_dump_counters():440<info> nid003336: RXC (0xb973:0) PtlTE 24: 524288         849
libfabric:1680522:1726870670::cxi:ep_data:cxip_rxc_dump_counters():440<info> nid003336: RXC (0xb973:0) PtlTE 24: 1048576        83088
libfabric:1680522:1726870670::cxi:ep_data:cxip_ptelist_bufpool_fini():370<info> nid003336: RXC (0xb973:0) PtlTE 24: Number of REQUEST buffers allocated 4
libfabric:1562099:1726870670::cxi:domain:cxip_lni_res_dump():108<info> nid003373: Resource usage info unavailable: cxi3 RGID: 4.
libfabric:1680517:1726870670::cxi:domain:cxip_domain_disable():215<info> nid003336: DOM (cxi3:4:5:28579:0xb972): Domain disabled
libfabric:1680517:1726870670::cxi:mr:ofi_mr_cache_cleanup():488<info> MR cache stats: searches 541260, deletes 541006, hits 540864 notify 3
libfabric:1562100:1726870670::cxi:ep_data:cxip_rxc_dump_counters():434<info> nid003373: RXC (0xbaa2:0) PtlTE 24: Recv Message Size PRIORITY - FI_HMEM_CUDA Histogram
libfabric:1562100:1726870670::cxi:ep_data:cxip_rxc_dump_counters():435<info> nid003373: RXC (0xbaa2:0) PtlTE 24: Size           Count
libfabric:1562100:1726870670::cxi:ep_data:cxip_rxc_dump_counters():440<info> nid003373: RXC (0xbaa2:0) PtlTE 24: 8192           1100
